ESP-ROM:esp32s3-20210327
Build:Mar 27 2021
rst:0x1 (POWERON),boot:0xa (SPI_FAST_FLASH_BOOT)
SPIWP:0xee
mode:DIO, clock div:1
load:0x3fce3808,len:0x4bc
load:0x403c9700,len:0xbd8
load:0x403cc700,len:0x2a0c
entry 0x403c98d0

==================================================
     ESP32-S3 KIỂM TRA PROTOCENTRAL ADS1292R     
==================================================
 Cấu hình chân SPI:
   - CS   (SS)  : GPIO 10
   - SCK  (CLK) : GPIO 12
   - MOSI (DIN) : GPIO 11
   - MISO (DOUT): GPIO 13
   - PWDN/RESET : GPIO 9
   - START      : GPIO 8
   - DRDY       : GPIO 4
==================================================
-> Đang thiết lập phần cứng ADS1292R...
-> Mã Device ID đọc được: 0x73
>>> [THÀNH CÔNG RỰC RỠ] ĐÃ NHẬN DIỆN CHÍNH XÁC CHIP ADS1292R! <<<

--- BẢNG THANH GHI ADS1292R ---
  [00] ID       (0x00)  = 0xE1
  [01] CONFIG1  (0x01)  = 0xC9
  [02] CONFIG2  (0x02)  = 0xC0
  [03] LOFF     (0x03)  = 0xE1
  [04] CH1SET   (0x04)  = 0x00
  [05] CH2SET   (0x05)  = 0x2F
  [06] RLDSENS  (0x06)  = 0x03
  [07] LOFFSENS (0x07)  = 0x00
  [08] LOFFSTAT (0x08)  = 0x00
  [09] RESP1    (0x09)  = 0xA6
  [10] RESP2    (0x0A)  = 0x02
  [11] GPIO     (0x0B)  = 0x00
-------------------------------

EMG1:176637	EMG2:-989551
EMG1:-2017682	EMG2:-3569711
EMG1:916006	EMG2:-602901
EMG1:553093	EMG2:-281909
EMG1:-551429	EMG2:-1610832
EMG1:183415	EMG2:-971095
EMG1:-2045949	EMG2:-3583807
EMG1:909811	EMG2:-600391
EMG1:548175	EMG2:-268329
EMG1:-551838	EMG2:-1600048
EMG1:203265	EMG2:-941020
EMG1:-2067316	EMG2:-3594501
EMG1:906851	EMG2:-594860
EMG1:542509	EMG2:-254582
EMG1:-544974	EMG2:-1583192
EMG1:207401	EMG2:-926614
EMG1:-2085033	EMG2:-3599430
EMG1:906388	EMG2:-586571
EMG1:536968	EMG2:-247430
EMG1:-547918	EMG2:-1574905
EMG1:207428	EMG2:-916006
EMG1:-2094377	EMG2:-3595569
EMG1:899298	EMG2:-584091
EMG1:546349	EMG2:-227222
EMG1:-546909	EMG2:-1562100
EMG1:204564	EMG2:-908481
EMG1:-2107841	EMG2:-3594344
EMG1:895939	EMG2:-578731
EMG1:554733	EMG2:-212837
EMG1:-563770	EMG2:-1564302
EMG1:196133	EMG2:-906316
EMG1:-2123964	EMG2:-3589566
EMG1:889285	EMG2:-575340
EMG1:557346	EMG2:-213999
EMG1:-580954	EMG2:-1566459
EMG1:170978	EMG2:-920482
EMG1:-2128163	EMG2:-3572341
EMG1:880468	EMG2:-573580
EMG1:570208	EMG2:-209142
EMG1:-607630	EMG2:-1575574
EMG1:149454	EMG2:-930571
EMG1:-2129020	EMG2:-3553949
EMG1:873690	EMG2:-569882
EMG1:580831	EMG2:-190109
EMG1:-614934	EMG2:-1571142
EMG1:162378	EMG2:-906374
EMG1:-2150152	EMG2:-3561892
EMG1:870273	EMG2:-563596
EMG1:585798	EMG2:-161102
EMG1:-607355	EMG2:-1554580
EMG1:173442	EMG2:-885126
EMG1:-2165967	EMG2:-3565704
EMG1:868247	EMG2:-556634
EMG1:592723	EMG2:-138219
EMG1:-598602	EMG2:-1536249
EMG1:176012	EMG2:-872065
EMG1:-2170420	EMG2:-3556091
EMG1:865914	EMG2:-549554
EMG1:601007	EMG2:-115906
EMG1:-593471	EMG2:-1520764
EMG1:174202	EMG2:-863772
EMG1:-2167957	EMG2:-3540264
EMG1:857634	EMG2:-547576
EMG1:589054	EMG2:-121751
EMG1:-602357	EMG2:-1518224
EMG1:164504	EMG2:-863442
EMG1:-2180274	EMG2:-3532906
EMG1:852863	EMG2:-541640
EMG1:593150	EMG2:-121561
EMG1:-629982	EMG2:-1529915
EMG1:150663	EMG2:-866524
EMG1:-2182732	EMG2:-3515837
EMG1:848159	EMG2:-535997
EMG1:580699	EMG2:-140382
EMG1:-647934	EMG2:-1531324
EMG1:139313	EMG2:-866338
EMG1:-2178156	EMG2:-3492194
EMG1:846755	EMG2:-527082
EMG1:561435	EMG2:-164760
EMG1:-673848	EMG2:-1541720
EMG1:128339	EMG2:-866109
EMG1:-2168937	EMG2:-3467712
EMG1:842054	EMG2:-521542
EMG1:565531	EMG2:-147118
EMG1:-674212	EMG2:-1531454
EMG1:129041	EMG2:-855541
EMG1:-2188702	EMG2:-3474896
EMG1:840756	EMG2:-513285
EMG1:602569	EMG2:-87684
EMG1:-671484	EMG2:-1520907
EMG1:140927	EMG2:-834407
EMG1:-2209260	EMG2:-3483706
EMG1:840021	EMG2:-504904
EMG1:631033	EMG2:-31251
EMG1:-644844	EMG2:-1488684
EMG1:151773	EMG2:-814338
EMG1:-2233813	EMG2:-3499025
EMG1:846323	EMG2:-489788
EMG1:668745	EMG2:28533
EMG1:-638346	EMG2:-1473749
EMG1:153289	EMG2:-803734
EMG1:-2276559	EMG2:-3531609
EMG1:847460	EMG2:-480699
EMG1:659551	EMG2:28936
EMG1:-643244	EMG2:-1467635
EMG1:145729	EMG2:-800985
EMG1:-2247524	EMG2:-3484044
EMG1:843511	EMG2:-474016
EMG1:630987	EMG2:-5978
EMG1:-674954	EMG2:-1480449
EMG1:121509	EMG2:-815835
EMG1:-2232499	EMG2:-3447889
EMG1:839022	EMG2:-470333
EMG1:600690	EMG2:-45641
EMG1:-723622	EMG2:-1508291
EMG1:114065	EMG2:-811674
EMG1:-2211829	EMG2:-3410268
EMG1:842694	EMG2:-460472
EMG1:621212	EMG2:-22950
EMG1:-746161	EMG2:-1512881
EMG1:100061	EMG2:-814867
EMG1:-2232342	EMG2:-3416419
EMG1:854384	EMG2:-446204
EMG1:640504	EMG2:9064
EMG1:-751191	EMG2:-1505661
EMG1:100170	EMG2:-803679
EMG1:-2258459	EMG2:-3430714
EMG1:849983	EMG2:-442161
EMG1:680664	EMG2:73914
EMG1:-742992	EMG2:-1490367
EMG1:106954	EMG2:-787966
EMG1:-2275985	EMG2:-3436966
EMG1:855193	EMG2:-428836
EMG1:739416	EMG2:156086
EMG1:-731018	EMG2:-1471332
EMG1:118041	EMG2:-768089
EMG1:-2309071	EMG2:-3459569
EMG1:862432	EMG2:-414167
EMG1:788704	EMG2:223518
EMG1:-717391	EMG2:-1449184
EMG1:105443	EMG2:-771234
EMG1:-2330104	EMG2:-3468809
EMG1:863718	EMG2:-404648
EMG1:814043	EMG2:256721
EMG1:-715275	EMG2:-1434236
EMG1:99611	EMG2:-769859
EMG1:-2343665	EMG2:-3469360
EMG1:862128	EMG2:-398721
EMG1:831298	EMG2:282616
EMG1:-724009	EMG2:-1432384
EMG1:100723	EMG2:-759257
EMG1:-2355302	EMG2:-3467306
EMG1:866833	EMG2:-385856
EMG1:838160	EMG2:296264
EMG1:-733189	EMG2:-1430568
EMG1:98446	EMG2:-750417
EMG1:-2330083	EMG2:-3426482
EMG1:860413	EMG2:-383113
EMG1:845471	EMG2:309996
EMG1:-739846	EMG2:-1426011
EMG1:94327	EMG2:-744160
EMG1:-2333290	EMG2:-3416061
EMG1:857946	EMG2:-377139
EMG1:864315	EMG2:336827
EMG1:-741137	EMG2:-1418093
EMG1:88834	EMG2:-740644
EMG1:-2344529	EMG2:-3416206
EMG1:860126	EMG2:-366888
EMG1:934690	EMG2:410386
EMG1:-738861	EMG2:-1408415
EMG1:83414	EMG2:-737816
EMG1:-2399644	EMG2:-3462932
EMG1:866306	EMG2:-354140
EMG1:963621	EMG2:435382
EMG1:-738146	EMG2:-1398573
EMG1:72028	EMG2:-740784
EMG1:-2386100	EMG2:-3435548
EMG1:859471	EMG2:-352046
EMG1:945144	EMG2:431979
EMG1:-746346	EMG2:-1394994
EMG1:68268	EMG2:-734909
EMG1:-2336402	EMG2:-3366956
EMG1:864766	EMG2:-336954
EMG1:872364	EMG2:372996
EMG1:-772896	EMG2:-1405045
EMG1:54744	EMG2:-739386
EMG1:-2256426	EMG2:-3266277
EMG1:852994	EMG2:-336578
EMG1:837620	EMG2:337683
EMG1:-785064	EMG2:-1402264
EMG1:47434	EMG2:-736504
EMG1:-2203891	EMG2:-3195461
EMG1:851103	EMG2:-328528
EMG1:853801	EMG2:358884
EMG1:-790152	EMG2:-1396809
EMG1:42469	EMG2:-731854
EMG1:-2204375	EMG2:-3180906
EMG1:846643	EMG2:-323323
EMG1:914206	EMG2:433535
EMG1:-779726	EMG2:-1379531
EMG1:34631	EMG2:-731320
EMG1:-2248464	EMG2:-3215747
EMG1:848633	EMG2:-310806
EMG1:992181	EMG2:516504
EMG1:-770386	EMG2:-1366085
EMG1:33334	EMG2:-723457
EMG1:-2299789	EMG2:-3258831
EMG1:842988	EMG2:-308053
EMG1:1055753	EMG2:586819
EMG1:-756189	EMG2:-1346504
EMG1:31594	EMG2:-716625
EMG1:-2331752	EMG2:-3279666
EMG1:840603	EMG2:-300862
EMG1:1075186	EMG2:606034
EMG1:-760727	EMG2:-1342046
EMG1:26906	EMG2:-712916
EMG1:-2297881	EMG2:-3230579
EMG1:835688	EMG2:-295172
EMG1:1036086	EMG2:576056
EMG1:-772897	EMG2:-1342043
EMG1:21328	EMG2:-708692
EMG1:-2208665	EMG2:-3123406
EMG1:834983	EMG2:-285881
EMG1:989324	EMG2:543588
EMG1:-790799	EMG2:-1345292
EMG1:8483	EMG2:-712416
EMG1:-2125731	EMG2:-3023598
EMG1:827339	EMG2:-282279
EMG1:952555	EMG2:508864
EMG1:-802216	EMG2:-1345224
EMG1:5724	EMG2:-705274
EMG1:-2094100	EMG2:-2978030
EMG1:824893	EMG2:-274008
EMG1:948860	EMG2:511940
EMG1:-802612	EMG2:-1335865
EMG1:-167	EMG2:-702162
EMG1:-2089777	EMG2:-2960827
EMG1:824099	EMG2:-265870
EMG1:1033789	EMG2:609161
EMG1:-798248	EMG2:-1325957
EMG1:1271	EMG2:-692905
EMG1:-2132203	EMG2:-2993116
EMG1:824979	EMG2:-256739
EMG1:1094116	EMG2:671854
EMG1:-785052	EMG2:-1307108
EMG1:-414	EMG2:-686069
EMG1:-2162808	EMG2:-3013629
EMG1:833646	EMG2:-239632
EMG1:1127858	EMG2:718286
EMG1:-782851	EMG2:-1296272
EMG1:-9857	EMG2:-687385
EMG1:-2161781	EMG2:-3000363
EMG1:818861	EMG2:-245372
EMG1:1112765	EMG2:709613
EMG1:-793831	EMG2:-1296280
EMG1:-12824	EMG2:-681279
EMG1:-2101561	EMG2:-2925193
EMG1:819120	EMG2:-235053
EMG1:1103767	EMG2:702498
EMG1:-799919	EMG2:-1292706
EMG1:-19269	EMG2:-678440
EMG1:-2076247	EMG2:-2885950
EMG1:814988	EMG2:-229097
EMG1:1124296	EMG2:731662
EMG1:-796122	EMG2:-1279886
EMG1:-19607	EMG2:-669939
EMG1:-2031911	EMG2:-2827984
EMG1:810575	EMG2:-223326
EMG1:1121243	EMG2:736319
EMG1:-797017	EMG2:-1270314
EMG1:-26909	EMG2:-668110
EMG1:-2016446	EMG2:-2800025
EMG1:809277	EMG2:-214256
EMG1:1132709	EMG2:757272
EMG1:-800431	EMG2:-1264676
EMG1:-35577	EMG2:-668107
EMG1:-2024617	EMG2:-2795824
EMG1:802963	EMG2:-211051
EMG1:1174950	EMG2:798438
EMG1:-798625	EMG2:-1254934
EMG1:-31885	EMG2:-655954
EMG1:-2020359	EMG2:-2778935
EMG1:805037	EMG2:-200554
EMG1:1201518	EMG2:825263
EMG1:-795167	EMG2:-1245102
EMG1:-35326	EMG2:-650913
EMG1:-2012445	EMG2:-2758931
EMG1:802355	EMG2:-194717
EMG1:1207342	EMG2:838460
EMG1:-801886	EMG2:-1241376
EMG1:-38029	EMG2:-644521
EMG1:-1943737	EMG2:-2676104
EMG1:795885	EMG2:-190519
EMG1:1157853	EMG2:803674
EMG1:-815023	EMG2:-1242131
EMG1:-47936	EMG2:-644919
EMG1:-1854106	EMG2:-2571953
EMG1:783961	EMG2:-190644
EMG1:1138066	EMG2:788508
EMG1:-821659	EMG2:-1237637
EMG1:-54658	EMG2:-642742
EMG1:-1839871	EMG2:-2544920
EMG1:780848	EMG2:-184269
EMG1:1171147	EMG2:827371
EMG1:-815409	EMG2:-1224244
EMG1:-59363	EMG2:-638796
EMG1:-1826619	EMG2:-2519111
EMG1:785236	EMG2:-171443
EMG1:1222536	EMG2:886610
EMG1:-809280	EMG2:-1211491
EMG1:-56898	EMG2:-628182
EMG1:-1891252	EMG2:-2572901
EMG1:784480	EMG2:-164175
EMG1:1271946	EMG2:943788
EMG1:-805171	EMG2:-1201256
EMG1:-57662	EMG2:-620765
EMG1:-1891610	EMG2:-2561606
EMG1:783579	EMG2:-156040
EMG1:1308627	EMG2:985925
EMG1:-803764	EMG2:-1192361
EMG1:-71567	EMG2:-627114
EMG1:-1865772	EMG2:-2522561
EMG1:779809	EMG2:-150699
EMG1:1314328	EMG2:989882
EMG1:-805116	EMG2:-1183601
EMG1:-68636	EMG2:-614889
EMG1:-1809239	EMG2:-2454303
EMG1:778154	EMG2:-143511
EMG1:1291713	EMG2:974271
EMG1:-815829	EMG2:-1182637
EMG1:-74784	EMG2:-612234
EMG1:-1751404	EMG2:-2383857
EMG1:774574	EMG2:-137925
EMG1:1280048	EMG2:974278
EMG1:-822966	EMG2:-1180811
EMG1:-76719	EMG2:-605340
EMG1:-1731825	EMG2:-2352334
EMG1:769834	EMG2:-132701
EMG1:1300011	EMG2:1001152
EMG1:-818911	EMG2:-1168636
EMG1:-83746	EMG2:-604174
EMG1:-1738496	EMG2:-2346477
EMG1:767551	EMG2:-126096
EMG1:1327659	EMG2:1032980
EMG1:-816139	EMG2:-1157749
EMG1:-83622	EMG2:-596109
EMG1:-1691157	EMG2:-2287758
EMG1:768319	EMG2:-116353
EMG1:1329954	EMG2:1040056
EMG1:-818965	EMG2:-1151094
EMG1:-88872	EMG2:-591356
EMG1:-1681649	EMG2:-2265870
EMG1:769330	EMG2:-107082
EMG1:1347756	EMG2:1064784
EMG1:-822810	EMG2:-1146187
EMG1:-92867	EMG2:-586933
EMG1:-1681119	EMG2:-2253657
EMG1:758507	EMG2:-109441
EMG1:1367770	EMG2:1090523
EMG1:-823572	EMG2:-1137921
EMG1:-94771	EMG2:-580072
EMG1:-1663894	EMG2:-2224327
EMG1:763970	EMG2:-96738
EMG1:1379661	EMG2:1101897
EMG1:-832354	EMG2:-1135732
EMG1:-97361	EMG2:-573782
EMG1:-1577237	EMG2:-2125959
EMG1:759562	EMG2:-93032
EMG1:1316088	EMG2:1039824
EMG1:-849585	EMG2:-1137814
EMG1:-97373	EMG2:-564011
EMG1:-1403365	EMG2:-1940104
EMG1:756219	EMG2:-86361
EMG1:1237514	EMG2:965128
EMG1:-868475	EMG2:-1140727
EMG1:-109335	EMG2:-565948
EMG1:-1383376	EMG2:-1909086
EMG1:747016	EMG2:-86952
EMG1:1362301	EMG2:1102237
EMG1:-847623	EMG2:-1118608
EMG1:-110690	EMG2:-560709
EMG1:-1556679	EMG2:-2069537
EMG1:754871	EMG2:-74457
EMG1:1452702	EMG2:1192844
EMG1:-833349	EMG2:-1102021
EMG1:-108309	EMG2:-550829
EMG1:-1545051	EMG2:-2046142
EMG1:760287	EMG2:-60659
EMG1:1466990	EMG2:1211921
EMG1:-834066	EMG2:-1094594
EMG1:-111137	EMG2:-545361
EMG1:-1527739	EMG2:-2017549
EMG1:764678	EMG2:-48454
EMG1:1471959	EMG2:1219274
EMG1:-841420	EMG2:-1091601
EMG1:-114089	EMG2:-539624
EMG1:-1484613	EMG2:-1963318
EMG1:759651	EMG2:-45122
EMG1:1438068	EMG2:1194951
EMG1:-856641	EMG2:-1092553
EMG1:-121174	EMG2:-537143
EMG1:-1329322	EMG2:-1798823
EMG1:749164	EMG2:-45793
EMG1:1316014	EMG2:1069407
EMG1:-886714	EMG2:-1102091
EMG1:-131978	EMG2:-537057
EMG1:-1111632	EMG2:-1573507
EMG1:743028	EMG2:-41466
EMG1:1114465	EMG2:860935
EMG1:-921683	EMG2:-1109420
EMG1:-155860	EMG2:-549047
EMG1:-989829	EMG2:-1442148
EMG1:725881	EMG2:-48656
EMG1:1039511	EMG2:784478
EMG1:-947529	EMG2:-1118814
EMG1:-168774	EMG2:-554911
EMG1:-951217	EMG2:-1396001
EMG1:722172	EMG2:-46867
EMG1:1081847	EMG2:827091
EMG1:-949402	EMG2:-1116351
EMG1:-156659	EMG2:-535143
EMG1:-974388	EMG2:-1408426
EMG1:719278	EMG2:-42602
EMG1:1248173	EMG2:1013851
EMG1:-912033	EMG2:-1085164
EMG1:-149614	EMG2:-522783
EMG1:-1050369	EMG2:-1472531
EMG1:727581	EMG2:-27472
EMG1:1380505	EMG2:1155187
EMG1:-894633	EMG2:-1070626
EMG1:-142894	EMG2:-510073
EMG1:-1126727	EMG2:-1536030
EMG1:736849	EMG2:-12447
EMG1:1439261	EMG2:1216273
EMG1:-888081	EMG2:-1058599
EMG1:-144218	EMG2:-503556
EMG1:-1119804	EMG2:-1518085
EMG1:737083	EMG2:-4849
EMG1:1453409	EMG2:1234044
EMG1:-896654	EMG2:-1058272
EMG1:-143381	EMG2:-494841
EMG1:-1057083	EMG2:-1446804
EMG1:727972	EMG2:-4429
EMG1:1405516	EMG2:1184824
EMG1:-899940	EMG2:-1048531
EMG1:-143301	EMG2:-485630
EMG1:-955707	EMG2:-1336934
EMG1:722325	EMG2:-128
EMG1:1352679	EMG2:1135958
EMG1:-917548	EMG2:-1052943
EMG1:-145852	EMG2:-479104
EMG1:-904509	EMG2:-1276787
EMG1:715556	EMG2:2743
EMG1:1330932	EMG2:1114177
EMG1:-925043	EMG2:-1049725
EMG1:-146212	EMG2:-470761
EMG1:-875521	EMG2:-1238267
EMG1:710401	EMG2:6518
EMG1:1388863	EMG2:1183368
EMG1:-920538	EMG2:-1040421
EMG1:-151581	EMG2:-468410
EMG1:-895902	EMG2:-1246629
EMG1:716020	EMG2:18731
EMG1:1453904	EMG2:1252912
EMG1:-910446	EMG2:-1024874
EMG1:-155584	EMG2:-465426
EMG1:-923248	EMG2:-1261905
EMG1:717577	EMG2:26549
EMG1:1469683	EMG2:1266798
EMG1:-913549	EMG2:-1019380
EMG1:-153964	EMG2:-455546
EMG1:-885291	EMG2:-1214454
EMG1:713606	EMG2:29857
EMG1:1457618	EMG2:1249680
EMG1:-924685	EMG2:-1019022
EMG1:-154824	EMG2:-447543
EMG1:-824347	EMG2:-1145634
EMG1:708456	EMG2:31736
EMG1:1431559	EMG2:1231034
EMG1:-933533	EMG2:-1013722
EMG1:-159894	EMG2:-443420
EMG1:-755362	EMG2:-1069859
EMG1:699299	EMG2:31006
EMG1:1393116	EMG2:1193533
EMG1:-930236	EMG2:-995394
EMG1:-168007	EMG2:-442340
EMG1:-715557	EMG2:-1020185
EMG1:696624	EMG2:36676
EMG1:1416828	EMG2:1216391
EMG1:-928672	EMG2:-987533
EMG1:-175692	EMG2:-442517
EMG1:-730269	EMG2:-1022817
EMG1:703221	EMG2:49512
EMG1:1460248	EMG2:1266678
EMG1:-922245	EMG2:-975200
EMG1:-175041	EMG2:-434435
EMG1:-744811	EMG2:-1025826
EMG1:709399	EMG2:60594
EMG1:1522936	EMG2:1324098
EMG1:-925006	EMG2:-974900
EMG1:-173379	EMG2:-425331
EMG1:-800787	EMG2:-1067622
EMG1:710415	EMG2:68492
EMG1:1568043	EMG2:1362451
EMG1:-921545	EMG2:-967169
EMG1:-157729	EMG2:-401871
EMG1:-824102	EMG2:-1078411
EMG1:708521	EMG2:72130
EMG1:1584129	EMG2:1375534
EMG1:-922700	EMG2:-961039
EMG1:-158670	EMG2:-395359
EMG1:-803536	EMG2:-1048440
EMG1:705051	EMG2:75154
EMG1:1593332	EMG2:1378911
EMG1:-928217	EMG2:-955701
EMG1:-160162	EMG2:-389128
EMG1:-738699	EMG2:-977703
EMG1:699239	EMG2:75299
EMG1:1564123	EMG2:1333483
EMG1:-928676	EMG2:-941485
EMG1:-172866	EMG2:-394064
EMG1:-656542	EMG2:-891291
EMG1:691968	EMG2:75684
EMG1:1553258	EMG2:1317330
EMG1:-940677	EMG2:-940662
EMG1:-166667	EMG2:-378542
EMG1:-593583	EMG2:-824414
EMG1:676116	EMG2:67723
EMG1:1540603	EMG2:1311106
EMG1:-945693	EMG2:-933659
EMG1:-170640	EMG2:-374766
EMG1:-578472	EMG2:-800211
EMG1:676694	EMG2:74009
EMG1:1572973	EMG2:1335433
EMG1:-945227	EMG2:-927361
EMG1:-167260	EMG2:-364405
EMG1:-608248	EMG2:-817376
EMG1:682048	EMG2:82283
EMG1:1619516	EMG2:1370279
EMG1:-951572	EMG2:-929416
EMG1:-167286	EMG2:-357978
EMG1:-629612	EMG2:-826707
EMG1:683598	EMG2:87446
EMG1:1659538	EMG2:1406792
EMG1:-956371	EMG2:-924979
EMG1:-167483	EMG2:-350124
EMG1:-619398	EMG2:-805979
EMG1:683853	EMG2:91319
EMG1:1677511	EMG2:1414919
EMG1:-962179	EMG2:-918145
EMG1:-171596	EMG2:-345977
EMG1:-571477	EMG2:-752674
EMG1:675821	EMG2:87663
EMG1:1654859	EMG2:1371197
EMG1:-960287	EMG2:-899384
EMG1:-186902	EMG2:-352516
EMG1:-528589	EMG2:-706122
EMG1:672854	EMG2:84551
EMG1:1668326	EMG2:1360674
EMG1:-973944	EMG2:-898946
EMG1:-185425	EMG2:-343568
EMG1:-504782	EMG2:-677040
EMG1:671470	EMG2:79146
EMG1:1727788	EMG2:1400123
EMG1:-993608	EMG2:-905391
EMG1:-195973	EMG2:-348231
EMG1:-544218	EMG2:-708194
EMG1:699774	EMG2:90208
EMG1:1789930	EMG2:1325081
EMG1:-1036860	EMG2:-944899
EMG1:-221114	EMG2:-384370
EMG1:-635193	EMG2:-813312
EMG1:804896	EMG2:111638
EMG1:1222153	EMG2:647908
EMG1:-1159677	EMG2:-1328232
EMG1:-887030	EMG2:-1409011
EMG1:-1153177	EMG2:-1789644
EMG1:-75956	EMG2:-329006
EMG1:31211	EMG2:35461
EMG1:-1260649	EMG2:-1845092
EMG1:-957331	EMG2:-2078171
EMG1:-1416706	EMG2:-2398265
EMG1:393868	EMG2:-131191
EMG1:16045	EMG2:178490
EMG1:-1302254	EMG2:-1745906
EMG1:-922362	EMG2:-1903565
EMG1:-1407102	EMG2:-2272096
EMG1:331452	EMG2:-148441
EMG1:37009	EMG2:185341
EMG1:-1248442	EMG2:-1669895
EMG1:-966052	EMG2:-1931439
EMG1:-1411371	EMG2:-2270657
EMG1:349626	EMG2:-123119
EMG1:49397	EMG2:184126
EMG1:-1300506	EMG2:-1747217
EMG1:-967801	EMG2:-1963109
EMG1:-1398173	EMG2:-2269751
EMG1:269923	EMG2:-120529
EMG1:22709	EMG2:211871
EMG1:-1307452	EMG2:-1705747
EMG1:-987459	EMG2:-1942259
EMG1:-1350364	EMG2:-2181664
EMG1:320991	EMG2:-103655
EMG1:54107	EMG2:210961
EMG1:-1364005	EMG2:-1779973
EMG1:-987886	EMG2:-1980186
EMG1:-1322085	EMG2:-2169649
EMG1:263923	EMG2:-110883
EMG1:47595	EMG2:251753
EMG1:-1331597	EMG2:-1791052
EMG1:-1030557	EMG2:-2084606
EMG1:-1316579	EMG2:-2227022
EMG1:272380	EMG2:-120029
EMG1:61244	EMG2:219686
EMG1:-1123221	EMG2:-1585085
EMG1:-1054798	EMG2:-2087980
EMG1:-1282245	EMG2:-2182274
EMG1:1335724	EMG2:1775821
EMG1:1734265	EMG2:1921293
EMG1:-1494713	EMG2:-254149
EMG1:-299204	EMG2:565296
EMG1:-576005	EMG2:317370
EMG1:590068	EMG2:755060
EMG1:2833981	EMG2:2968054
EMG1:-1368859	EMG2:-57822
EMG1:-259265	EMG2:699166
EMG1:-477885	EMG2:496664
EMG1:606788	EMG2:935424
EMG1:2548877	EMG2:3064592
EMG1:-1301349	EMG2:46545
EMG1:-244479	EMG2:771174
EMG1:-441032	EMG2:588956
EMG1:584311	EMG2:993562
EMG1:2428622	EMG2:3063844
EMG1:-1265281	EMG2:124762
EMG1:-238977	EMG2:820255
EMG1:-425976	EMG2:647475
EMG1:569106	EMG2:1023533
EMG1:2416373	EMG2:3046063
EMG1:-1262827	EMG2:164301
EMG1:-220369	EMG2:875256
EMG1:-415406	EMG2:694081
EMG1:562279	EMG2:1051611
EMG1:2401353	EMG2:3052547
EMG1:-1277079	EMG2:175568
EMG1:-217302	EMG2:908067
EMG1:-399484	EMG2:747351
EMG1:556249	EMG2:1077144
EMG1:2391892	EMG2:3060306
EMG1:-1300586	EMG2:172654
EMG1:-208417	EMG2:941771
EMG1:-387557	EMG2:787817
EMG1:539514	EMG2:1085748
EMG1:2388161	EMG2:3053508
EMG1:-1295834	EMG2:201703
EMG1:-207579	EMG2:965971
EMG1:-368656	EMG2:829513
EMG1:518385	EMG2:1085468
EMG1:2376479	EMG2:3040444
EMG1:-1256009	EMG2:267321
EMG1:-214347	EMG2:980811
EMG1:-349457	EMG2:865529
EMG1:494516	EMG2:1079976
EMG1:2369424	EMG2:3043108
EMG1:-1211071	EMG2:337481
EMG1:-237134	EMG2:977987
EMG1:-327485	EMG2:900546
EMG1:454911	EMG2:1057453
EMG1:2383952	EMG2:3039706
EMG1:-1186439	EMG2:385664
EMG1:-236433	EMG2:996073
EMG1:-308424	EMG2:934279
EMG1:428134	EMG2:1046788
EMG1:2389455	EMG2:3023318
EMG1:-1158332	EMG2:433261
EMG1:-239392	EMG2:1009533
EMG1:-296644	EMG2:960344
EMG1:401190	EMG2:1032634
EMG1:2375822	EMG2:3015029
EMG1:-1101928	EMG2:508663
EMG1:-245481	EMG2:1018626
EMG1:-285954	EMG2:987102
EMG1:375840	EMG2:1019191
EMG1:2380638	EMG2:3000839
EMG1:-1145902	EMG2:474284
EMG1:-239202	EMG2:1037113
EMG1:-267377	EMG2:1023432
EMG1:364951	EMG2:1017851
EMG1:2380098	EMG2:2993115
EMG1:-1155121	EMG2:476536
EMG1:-238066	EMG2:1049198
EMG1:-263402	EMG2:1039441
EMG1:339729	EMG2:1005722
EMG1:2382713	EMG2:2976419
EMG1:-1119792	EMG2:525929
EMG1:-225562	EMG2:1073146
EMG1:-250692	EMG2:1055241
EMG1:310224	EMG2:990182
EMG1:2361879	EMG2:2967964
EMG1:-1039931	EMG2:621332
EMG1:-243018	EMG2:1067634
EMG1:-240254	EMG2:1072708
EMG1:281222	EMG2:973263
EMG1:2349881	EMG2:2947620
EMG1:-973300	EMG2:701098
EMG1:-243451	EMG2:1079026
EMG1:-227199	EMG2:1093936
EMG1:251906	EMG2:954221
EMG1:2329248	EMG2:2945351
EMG1:-936020	EMG2:748966
EMG1:-249429	EMG2:1083719
EMG1:-214661	EMG2:1115140
EMG1:222736	EMG2:935812
EMG1:2322318	EMG2:2959485
EMG1:-930517	EMG2:764535
EMG1:-244836	EMG2:1097024
EMG1:-198258	EMG2:1143233
EMG1:224234	EMG2:945259
EMG1:2323199	EMG2:2931804
EMG1:-991413	EMG2:712384
EMG1:-237479	EMG2:1111532
EMG1:-184823	EMG2:1174003
EMG1:216160	EMG2:942636
EMG1:2325988	EMG2:2918869
EMG1:-1042831	EMG2:667196
EMG1:-216051	EMG2:1141467
EMG1:-161941	EMG2:1211280
EMG1:203634	EMG2:936641
EMG1:2318849	EMG2:2900907
EMG1:-1047314	EMG2:671484
EMG1:-218949	EMG2:1145833
EMG1:-156505	EMG2:1222144
EMG1:154399	EMG2:896684
EMG1:2312991	EMG2:2911249
EMG1:-939796	EMG2:792979
EMG1:-220617	EMG2:1154740
EMG1:-180669	EMG2:1193765
EMG1:123258	EMG2:877956
EMG1:2297964	EMG2:2920561
EMG1:-757983	EMG2:982684
EMG1:-232168	EMG2:1154044
EMG1:-186712	EMG2:1190289
EMG1:84097	EMG2:849776
EMG1:2281725	EMG2:2891815
EMG1:-573109	EMG2:1153941
EMG1:-250224	EMG2:1148362
EMG1:-191356	EMG2:1189955
EMG1:41994	EMG2:817610
EMG1:2269482	EMG2:2870363
EMG1:-440489	EMG2:1258674
EMG1:-259786	EMG2:1148975
EMG1:-184603	EMG2:1203818
EMG1:14801	EMG2:798536
EMG1:2275789	EMG2:2865348
EMG1:-549074	EMG2:1191472
EMG1:-243650	EMG2:1171944
EMG1:-166084	EMG2:1235636
EMG1:8531	EMG2:797769
EMG1:2268470	EMG2:2858121
EMG1:-686786	EMG2:1091622
EMG1:-237371	EMG2:1184088
EMG1:-144930	EMG2:1269324
EMG1:-8328	EMG2:786856
EMG1:2258754	EMG2:2831507
EMG1:-759167	EMG2:1030718
EMG1:-233617	EMG2:1193196
EMG1:-114879	EMG2:1313133
EMG1:-24340	EMG2:774776
EMG1:2258629	EMG2:2807950
EMG1:-794539	EMG2:1004388
EMG1:-226274	EMG2:1206517
EMG1:-109341	EMG2:1324861
EMG1:-61894	EMG2:744921
EMG1:2247079	EMG2:2801933
EMG1:-748506	EMG2:1057508
EMG1:-230331	EMG2:1210343
EMG1:-114274	EMG2:1324289
EMG1:-74445	EMG2:741484
EMG1:2237704	EMG2:2803417
EMG1:-658307	EMG2:1152788
EMG1:-232476	EMG2:1216794
EMG1:-122739	EMG2:1320444
EMG1:-113734	EMG2:711248
EMG1:2219631	EMG2:2771598
EMG1:-529489	EMG2:1278400
EMG1:-239664	EMG2:1219426
EMG1:-127566	EMG2:1319843
EMG1:-156244	EMG2:677185
EMG1:2205443	EMG2:2756419
EMG1:-496214	EMG2:1317484
EMG1:-244378	EMG2:1221965
EMG1:-111812	EMG2:1342912
EMG1:-187671	EMG2:650984
EMG1:2194454	EMG2:2751792
EMG1:-583970	EMG2:1249610
EMG1:-234599	EMG2:1238334
EMG1:-62331	EMG2:1408586
EMG1:-175446	EMG2:666478
EMG1:2183686	EMG2:2748484
EMG1:-775206	EMG2:1072894
EMG1:-231919	EMG2:1243849
EMG1:27842	EMG2:1515456
EMG1:-186156	EMG2:656636
EMG1:2176274	EMG2:2744272
EMG1:-830153	EMG2:1023646
EMG1:-229004	EMG2:1253283
EMG1:55259	EMG2:1550424
EMG1:-202661	EMG2:644993
EMG1:2156856	EMG2:2742759
EMG1:-846874	EMG2:1013671
EMG1:-232302	EMG2:1255978
EMG1:62327	EMG2:1563334
EMG1:-235296	EMG2:621094
EMG1:2133307	EMG2:2728651
EMG1:-744304	EMG2:1125192
EMG1:-233758	EMG2:1262515
EMG1:43681	EMG2:1548338
EMG1:-273960	EMG2:592482
EMG1:2124458	EMG2:2694688
EMG1:-659256	EMG2:1218877
EMG1:-242852	EMG2:1260826
EMG1:33799	EMG2:1543659
EMG1:-306265	EMG2:566033
EMG1:2121106	EMG2:2693044
EMG1:-608921	EMG2:1277374
EMG1:-251341	EMG2:1260123
EMG1:32123	EMG2:1547756
EMG1:-339951	EMG2:538284
EMG1:2104569	EMG2:2684030
EMG1:-562240	EMG2:1332438
EMG1:-257301	EMG2:1262434
EMG1:42579	EMG2:1564587
EMG1:-385662	EMG2:499073
EMG1:2087789	EMG2:2673631
EMG1:-593696	EMG2:1309842
EMG1:-256308	EMG2:1269945
EMG1:82098	EMG2:1612889
EMG1:-422589	EMG2:465363
EMG1:2078423	EMG2:2660840
EMG1:-590994	EMG2:1322491
EMG1:-257716	EMG2:1276139
EMG1:99770	EMG2:1637501
EMG1:-438114	EMG2:453496
EMG1:2067096	EMG2:2651639
EMG1:-579556	EMG2:1345025
EMG1:-270483	EMG2:1270934
EMG1:98887	EMG2:1642826
EMG1:-477251	EMG2:418719
EMG1:2065658	EMG2:2632814
EMG1:-542743	EMG2:1390624
EMG1:-277623	EMG2:1271708
EMG1:98740	EMG2:1648288
EMG1:-524680	EMG2:375560
EMG1:2052863	EMG2:2619939
EMG1:-425590	EMG2:1513846
EMG1:-288034	EMG2:1270997
EMG1:75978	EMG2:1629212
EMG1:-574831	EMG2:332296
EMG1:2045618	EMG2:2597159
EMG1:-360096	EMG2:1584983
EMG1:-295519	EMG2:1271448
EMG1:62323	EMG2:1620987
EMG1:-601834	EMG2:312453
EMG1:2032338	EMG2:2595079
EMG1:-292303	EMG2:1652605
EMG1:-301936	EMG2:1273254
EMG1:76099	EMG2:1640957
EMG1:-646736	EMG2:271604
EMG1:2008397	EMG2:2579380
EMG1:-377511	EMG2:1589186
EMG1:-307654	EMG2:1273568
EMG1:148646	EMG2:1724180
EMG1:-667117	EMG2:248544
EMG1:2006326	EMG2:2568747
EMG1:-409527	EMG2:1570751
EMG1:-307592	EMG2:1281285
EMG1:165237	EMG2:1747138
EMG1:-708064	EMG2:210522
EMG1:1999986	EMG2:2575826
EMG1:-371976	EMG2:1618422
EMG1:-319122	EMG2:1277614
EMG1:164074	EMG2:1750109
EMG1:-733791	EMG2:190366
EMG1:1982134	EMG2:2569444
EMG1:-278954	EMG2:1712233
EMG1:-320252	EMG2:1283468
EMG1:136592	EMG2:1726325
EMG1:-784084	EMG2:148530
EMG1:1965621	EMG2:2564871
EMG1:-122140	EMG2:1848264
EMG1:-335414	EMG2:1276486
EMG1:102002	EMG2:1694703
EMG1:-851956	EMG2:86748
EMG1:1956255	EMG2:2550406
EMG1:-3424	EMG2:1943359
EMG1:-352102	EMG2:1269583
EMG1:56950	EMG2:1650902
EMG1:-915797	EMG2:29835
EMG1:1943208	EMG2:2552516
EMG1:25045	EMG2:1971434
EMG1:-359469	EMG2:1268363
EMG1:103691	EMG2:1706696
EMG1:-917727	EMG2:28905
EMG1:1929259	EMG2:2548339
EMG1:-80877	EMG2:1912707
EMG1:-358441	EMG2:1273310
EMG1:169914	EMG2:1780474
EMG1:-941211	EMG2:7563
EMG1:1917426	EMG2:2545834
EMG1:-134774	EMG2:1885926
EMG1:-363959	EMG2:1272385
EMG1:203353	EMG2:1819387
EMG1:-963111	EMG2:-11309
EMG1:1901331	EMG2:2519392
EMG1:-125404	EMG2:1898839
EMG1:-365224	EMG2:1273516
EMG1:199839	EMG2:1817144
EMG1:-1016267	EMG2:-62596
EMG1:1881281	EMG2:2513288
EMG1:-11895	EMG2:1997768
EMG1:-377684	EMG2:1268559
EMG1:171197	EMG2:1789763
EMG1:-1079034	EMG2:-125944
EMG1:1884941	EMG2:2500283
EMG1:134346	EMG2:2110830
EMG1:-401257	EMG2:1254091
EMG1:142943	EMG2:1762199
EMG1:-1188270	EMG2:-245929
EMG1:1901783	EMG2:2475267
EMG1:260096	EMG2:2173098
