ESP-ROM:esp32s3-20210327
Build:Mar 27 2021
rst:0x1 (POWERON),boot:0xb (SPI_FAST_FLASH_BOOT)
SPIWP:0xee
mode:DIO, clock div:1
load:0x3fce3808,len:0x4bc
load:0x403c9700,len:0xbd8
load:0x403cc700,len:0x2a0c
entry 0x403c98d0

==================================================
     ESP32-S3 KIỂM TRA PROTOCENTRAL ADS1292R     
==================================================
 Cấu hình chân SPI:
   - CS   (SS)  : GPIO 10
   - SCK  (CLK) : GPIO 12
   - MOSI (DIN) : GPIO 11
   - MISO (DOUT): GPIO 13
   - PWDN/RESET : GPIO 9
   - START      : GPIO 8
   - DRDY       : GPIO 4
==================================================
-> Đang thiết lập phần cứng ADS1292R...
-> Mã Device ID đọc được: 0x07
>>> [PHẢN HỒI LẠ: 0x07] (Đã có phản hồi nhưng mã ID chưa khớp) <<<

--- BẢNG THANH GHI ADS1292R ---
  [00] ID       (0x00)  = 0x00
  [01] CONFIG1  (0x01)  = 0x01
  [02] CONFIG2  (0x02)  = 0xC0
  [03] LOFF     (0x03)  = 0x00
  [04] CH1SET   (0x04)  = 0x00
  [05] CH2SET   (0x05)  = 0xED
  [06] RLDSENS  (0x06)  = 0x65
  [07] LOFFSENS (0x07)  = 0x00
  [08] LOFFSTAT (0x08)  = 0x0C
  [09] RESP1    (0x09)  = 0x0F
  [10] RESP2    (0x0A)  = 0x00
  [11] GPIO     (0x0B)  = 0x00
-------------------------------

Raw:  7330 | Env:  364 | Luc:[                    ]   0% | THA LONG
Raw: -1608 | Env: 1339 | Luc:[=                   ]   5% | THA LONG
Raw: -1911 | Env: 1763 | Luc:[=                   ]   9% | THA LONG
Raw: -1719 | Env: 1313 | Luc:[=                   ]   5% | THA LONG
Raw: -1634 | Env: 1040 | Luc:[                    ]   2% | THA LONG
Raw: -1834 | Env:  907 | Luc:[                    ]   1% | THA LONG
Raw:  -854 | Env:  905 | Luc:[                    ]   1% | THA LONG
Raw: -1522 | Env:  797 | Luc:[                    ]   0% | THA LONG
Raw: -1811 | Env:  715 | Luc:[                    ]   0% | THA LONG
Raw: -1842 | Env:  959 | Luc:[                    ]   1% | THA LONG
Raw: -1100 | Env:  652 | Luc:[                    ]   0% | THA LONG
Raw: -1804 | Env:  632 | Luc:[                    ]   0% | THA LONG
Raw: -2236 | Env:  679 | Luc:[                    ]   0% | THA LONG
Raw: -1625 | Env:  528 | Luc:[                    ]   0% | THA LONG
Raw: -1837 | Env:  623 | Luc:[                    ]   0% | THA LONG
Raw: -1334 | Env:  620 | Luc:[                    ]   0% | THA LONG
Raw: -1624 | Env:  564 | Luc:[                    ]   0% | THA LONG
Raw: -1076 | Env:  528 | Luc:[                    ]   0% | THA LONG
Raw:  -500 | Env:  854 | Luc:[                    ]   0% | THA LONG
Raw:  -927 | Env: 1792 | Luc:[=                   ]   9% | THA LONG
Raw: -1562 | Env:  631 | Luc:[                    ]   0% | THA LONG
Raw:  -971 | Env: 1312 | Luc:[=                   ]   5% | THA LONG
Raw: -2494 | Env: 1217 | Luc:[                    ]   4% | THA LONG
Raw:  -927 | Env: 1159 | Luc:[                    ]   3% | THA LONG
Raw:  -362 | Env:  680 | Luc:[                    ]   0% | THA LONG
Raw: -1901 | Env:  888 | Luc:[                    ]   0% | THA LONG
Raw:  -838 | Env:  967 | Luc:[                    ]   1% | THA LONG
Raw: -1079 | Env:  689 | Luc:[                    ]   0% | THA LONG
Raw: -1377 | Env:  827 | Luc:[                    ]   0% | THA LONG
Raw: -2028 | Env:  737 | Luc:[                    ]   0% | THA LONG
Raw: -1249 | Env:  864 | Luc:[                    ]   0% | THA LONG
Raw:  -493 | Env:  853 | Luc:[                    ]   0% | THA LONG
Raw: -2257 | Env: 1262 | Luc:[                    ]   4% | THA LONG
Raw:  -760 | Env:  986 | Luc:[                    ]   1% | THA LONG
Raw:  -832 | Env:  862 | Luc:[                    ]   0% | THA LONG
Raw:  -866 | Env: 1075 | Luc:[                    ]   2% | THA LONG
Raw:  -444 | Env: 1160 | Luc:[                    ]   3% | THA LONG
Raw:  -772 | Env: 1261 | Luc:[                    ]   4% | THA LONG
Raw: -2393 | Env: 1653 | Luc:[=                   ]   8% | THA LONG
Raw: -1279 | Env: 2461 | Luc:[===                 ]  16% | THA LONG
Raw:  -877 | Env: 1523 | Luc:[=                   ]   7% | THA LONG
Raw:  -622 | Env: 1493 | Luc:[=                   ]   6% | THA LONG
Raw: -1828 | Env: 1189 | Luc:[                    ]   3% | THA LONG
Raw: -1379 | Env: 1342 | Luc:[=                   ]   5% | THA LONG
Raw: -1336 | Env: 1356 | Luc:[=                   ]   5% | THA LONG
Raw: -6977 | Env: 2241 | Luc:[==                  ]  14% | THA LONG
Raw:  -590 | Env: 2425 | Luc:[===                 ]  15% | THA LONG
Raw: -2203 | Env: 3071 | Luc:[====                ]  22% | THA LONG
Raw: -5194 | Env: 3099 | Luc:[====                ]  22% | THA LONG
Raw: -7371 | Env: 2180 | Luc:[==                  ]  13% | THA LONG
Raw:-12429 | Env: 4208 | Luc:[======              ]  33% | GONG VUA
Raw: -3084 | Env: 3507 | Luc:[=====               ]  26% | GONG VUA
Raw: -8799 | Env: 4025 | Luc:[======              ]  31% | GONG VUA
Raw: -2059 | Env: 4219 | Luc:[======              ]  33% | GONG VUA
Raw: -2806 | Env: 2898 | Luc:[====                ]  20% | THA LONG
Raw:  2069 | Env: 5329 | Luc:[========            ]  44% | GONG VUA
Raw: -3683 | Env: 2203 | Luc:[==                  ]  13% | THA LONG
Raw: -5249 | Env: 3416 | Luc:[=====               ]  25% | GONG VUA
Raw: -3027 | Env: 2093 | Luc:[==                  ]  12% | THA LONG
Raw:  -159 | Env: 2208 | Luc:[==                  ]  13% | THA LONG
Raw: -1886 | Env: 1810 | Luc:[=                   ]   9% | THA LONG
Raw:  -799 | Env: 1329 | Luc:[=                   ]   5% | THA LONG
Raw: -2241 | Env:  952 | Luc:[                    ]   1% | THA LONG
Raw: -1560 | Env: 1088 | Luc:[                    ]   2% | THA LONG
Raw: -3183 | Env: 1063 | Luc:[                    ]   2% | THA LONG
Raw:  1639 | Env: 2393 | Luc:[===                 ]  15% | THA LONG
Raw: -1742 | Env: 1677 | Luc:[=                   ]   8% | THA LONG
Raw: -2269 | Env: 1054 | Luc:[                    ]   2% | THA LONG
Raw: -3218 | Env: 1554 | Luc:[=                   ]   7% | THA LONG
Raw: -1661 | Env: 1767 | Luc:[=                   ]   9% | THA LONG
Raw: -1104 | Env: 1687 | Luc:[=                   ]   8% | THA LONG
Raw: -1807 | Env: 1506 | Luc:[=                   ]   6% | THA LONG
Raw:  -517 | Env: 2656 | Luc:[===                 ]  18% | THA LONG
Raw: -1484 | Env: 1360 | Luc:[=                   ]   5% | THA LONG
Raw: -1403 | Env: 2467 | Luc:[===                 ]  16% | THA LONG
Raw:  -284 | Env: 2147 | Luc:[==                  ]  13% | THA LONG
Raw: -3037 | Env: 1554 | Luc:[=                   ]   7% | THA LONG
Raw:    -3 | Env: 2498 | Luc:[===                 ]  16% | THA LONG
Raw: -2501 | Env: 1028 | Luc:[                    ]   2% | THA LONG
Raw: -4379 | Env: 1289 | Luc:[                    ]   4% | THA LONG
Raw:  -181 | Env: 1244 | Luc:[                    ]   4% | THA LONG
Raw: -3027 | Env: 1044 | Luc:[                    ]   2% | THA LONG
Raw: -1666 | Env: 1012 | Luc:[                    ]   2% | THA LONG
Raw: -2918 | Env: 1407 | Luc:[=                   ]   5% | THA LONG
Raw: -3760 | Env:  733 | Luc:[                    ]   0% | THA LONG
Raw: -1718 | Env:  713 | Luc:[                    ]   0% | THA LONG
Raw: -3020 | Env:  821 | Luc:[                    ]   0% | THA LONG
Raw: -2817 | Env:  691 | Luc:[                    ]   0% | THA LONG
Raw: -3952 | Env:  836 | Luc:[                    ]   0% | THA LONG
Raw: -2766 | Env:  815 | Luc:[                    ]   0% | THA LONG
Raw: -4193 | Env: 1141 | Luc:[                    ]   3% | THA LONG
Raw: -2209 | Env:  690 | Luc:[                    ]   0% | THA LONG
Raw: -2047 | Env:  684 | Luc:[                    ]   0% | THA LONG
Raw: -2722 | Env:  701 | Luc:[                    ]   0% | THA LONG
Raw: -3238 | Env:  800 | Luc:[                    ]   0% | THA LONG
Raw: -3049 | Env:  825 | Luc:[                    ]   0% | THA LONG
Raw: -3807 | Env:  750 | Luc:[                    ]   0% | THA LONG
Raw: -2636 | Env:  807 | Luc:[                    ]   0% | THA LONG
Raw: -2895 | Env:  783 | Luc:[                    ]   0% | THA LONG
Raw: -3233 | Env:  765 | Luc:[                    ]   0% | THA LONG
Raw:    40 | Env: 1045 | Luc:[                    ]   2% | THA LONG
Raw: -3006 | Env:  822 | Luc:[                    ]   0% | THA LONG
Raw: -3147 | Env:  691 | Luc:[                    ]   0% | THA LONG
Raw: -2791 | Env:  600 | Luc:[                    ]   0% | THA LONG
Raw: -2387 | Env:  709 | Luc:[                    ]   0% | THA LONG
Raw: -2881 | Env:  714 | Luc:[                    ]   0% | THA LONG
Raw: -2871 | Env:  799 | Luc:[                    ]   0% | THA LONG
Raw: -2977 | Env:  750 | Luc:[                    ]   0% | THA LONG
Raw: -2233 | Env:  786 | Luc:[                    ]   0% | THA LONG
Raw: -2693 | Env:  803 | Luc:[                    ]   0% | THA LONG
Raw: -3486 | Env: 1100 | Luc:[                    ]   2% | THA LONG
Raw: -2801 | Env:  580 | Luc:[                    ]   0% | THA LONG
Raw: -2960 | Env:  850 | Luc:[                    ]   0% | THA LONG
Raw: -3127 | Env:  729 | Luc:[                    ]   0% | THA LONG
Raw: -2365 | Env:  594 | Luc:[                    ]   0% | THA LONG
Raw: -3581 | Env:  911 | Luc:[                    ]   1% | THA LONG
Raw: -3871 | Env:  955 | Luc:[                    ]   1% | THA LONG
Raw: -2411 | Env:  798 | Luc:[                    ]   0% | THA LONG
Raw: -2571 | Env:  769 | Luc:[                    ]   0% | THA LONG
Raw: -3239 | Env: 1459 | Luc:[=                   ]   6% | THA LONG
Raw: -4022 | Env: 1673 | Luc:[=                   ]   8% | THA LONG
Raw:   589 | Env:  744 | Luc:[                    ]   0% | THA LONG
Raw: -8499 | Env: 4359 | Luc:[======              ]  34% | GONG VUA
Raw:  1688 | Env: 4362 | Luc:[======              ]  34% | GONG VUA
Raw: -7134 | Env: 2945 | Luc:[====                ]  21% | THA LONG
Raw:  -313 | Env: 3250 | Luc:[====                ]  24% | THA LONG
Raw: -9116 | Env: 6849 | Luc:[===========         ]  59% | GONG VUA
Raw: -2707 | Env: 3428 | Luc:[=====               ]  25% | GONG VUA
Raw:  3376 | Env: 3200 | Luc:[====                ]  23% | THA LONG
Raw: -4556 | Env: 3916 | Luc:[======              ]  30% | GONG VUA
Raw:  4249 | Env: 3418 | Luc:[=====               ]  25% | GONG VUA
Raw: -3845 | Env: 4142 | Luc:[======              ]  32% | GONG VUA
Raw: -7599 | Env: 2442 | Luc:[===                 ]  16% | THA LONG
Raw: -8947 | Env: 5028 | Luc:[========            ]  41% | GONG VUA
Raw: -3523 | Env: 5252 | Luc:[========            ]  43% | GONG VUA
Raw: -5311 | Env: 3609 | Luc:[=====               ]  27% | GONG VUA
Raw: -4850 | Env: 3876 | Luc:[======              ]  30% | GONG VUA
Raw:  6020 | Env: 3345 | Luc:[====                ]  24% | THA LONG
Raw: -1749 | Env: 3850 | Luc:[=====               ]  29% | GONG VUA
Raw: -4057 | Env: 2684 | Luc:[===                 ]  18% | THA LONG
Raw:  -409 | Env: 3182 | Luc:[====                ]  23% | THA LONG
Raw: -4690 | Env: 2377 | Luc:[===                 ]  15% | THA LONG
Raw: -3641 | Env: 3887 | Luc:[======              ]  30% | GONG VUA
Raw:  3917 | Env: 3041 | Luc:[====                ]  21% | THA LONG
Raw: -1822 | Env: 4649 | Luc:[=======             ]  37% | GONG VUA
Raw: -2256 | Env: 3775 | Luc:[=====               ]  29% | GONG VUA
Raw:  -994 | Env: 2432 | Luc:[===                 ]  16% | THA LONG
Raw:   373 | Env: 1609 | Luc:[=                   ]   7% | THA LONG
Raw: -1049 | Env: 1272 | Luc:[                    ]   4% | THA LONG
Raw: -1037 | Env: 1321 | Luc:[=                   ]   5% | THA LONG
Raw: -1047 | Env:  892 | Luc:[                    ]   0% | THA LONG
Raw:  -981 | Env:  930 | Luc:[                    ]   1% | THA LONG
Raw: -2514 | Env:  885 | Luc:[                    ]   0% | THA LONG
Raw: -1069 | Env:  740 | Luc:[                    ]   0% | THA LONG
Raw:  -733 | Env:  783 | Luc:[                    ]   0% | THA LONG
Raw: -2467 | Env: 1194 | Luc:[                    ]   3% | THA LONG
Raw: -1120 | Env:  849 | Luc:[                    ]   0% | THA LONG
Raw:  -537 | Env:  794 | Luc:[                    ]   0% | THA LONG
Raw:  -831 | Env:  591 | Luc:[                    ]   0% | THA LONG
Raw: -1202 | Env:  636 | Luc:[                    ]   0% | THA LONG
Raw: -1247 | Env: 1057 | Luc:[                    ]   2% | THA LONG
Raw: -1255 | Env:  662 | Luc:[                    ]   0% | THA LONG
Raw:  -802 | Env:  779 | Luc:[                    ]   0% | THA LONG
Raw:  -839 | Env:  563 | Luc:[                    ]   0% | THA LONG
Raw:  -929 | Env:  672 | Luc:[                    ]   0% | THA LONG
Raw:  -933 | Env:  773 | Luc:[                    ]   0% | THA LONG
Raw: -1848 | Env:  699 | Luc:[                    ]   0% | THA LONG
Raw: -1092 | Env:  896 | Luc:[                    ]   0% | THA LONG
Raw:  -783 | Env: 1063 | Luc:[                    ]   2% | THA LONG
Raw:  -575 | Env:  673 | Luc:[                    ]   0% | THA LONG
Raw: -1604 | Env:  650 | Luc:[                    ]   0% | THA LONG
Raw: -1418 | Env:  676 | Luc:[                    ]   0% | THA LONG
Raw: -1482 | Env: 1154 | Luc:[                    ]   3% | THA LONG
Raw:   576 | Env: 1326 | Luc:[=                   ]   5% | THA LONG
Raw:  -301 | Env:  923 | Luc:[                    ]   1% | THA LONG
Raw:   184 | Env: 1186 | Luc:[                    ]   3% | THA LONG
Raw: -1477 | Env:  871 | Luc:[                    ]   0% | THA LONG
Raw: -2921 | Env:  690 | Luc:[                    ]   0% | THA LONG
Raw: -1771 | Env:  664 | Luc:[                    ]   0% | THA LONG
Raw: -1344 | Env:  728 | Luc:[                    ]   0% | THA LONG
Raw:  -702 | Env:  932 | Luc:[                    ]   1% | THA LONG
Raw: -2524 | Env:  647 | Luc:[                    ]   0% | THA LONG
Raw: -3083 | Env:  513 | Luc:[                    ]   0% | THA LONG
Raw: -1686 | Env:  690 | Luc:[                    ]   0% | THA LONG
Raw: -1771 | Env:  627 | Luc:[                    ]   0% | THA LONG
Raw: -1872 | Env:  947 | Luc:[                    ]   1% | THA LONG
Raw: -2590 | Env:  897 | Luc:[                    ]   0% | THA LONG
Raw: -1044 | Env:  890 | Luc:[                    ]   0% | THA LONG
Raw:  -574 | Env:  718 | Luc:[                    ]   0% | THA LONG
Raw: -1557 | Env:  692 | Luc:[                    ]   0% | THA LONG
Raw: -1619 | Env:  716 | Luc:[                    ]   0% | THA LONG
Raw:  2796 | Env: 1478 | Luc:[=                   ]   6% | THA LONG
Raw:-14753 | Env: 4176 | Luc:[======              ]  33% | GONG VUA
Raw: -2351 | Env: 1265 | Luc:[                    ]   4% | THA LONG
Raw:   -38 | Env: 2993 | Luc:[====                ]  21% | THA LONG
Raw: -1221 | Env: 2506 | Luc:[===                 ]  16% | THA LONG
Raw: -5169 | Env: 2433 | Luc:[===                 ]  16% | THA LONG
Raw:  9056 | Env: 3049 | Luc:[====                ]  22% | THA LONG
Raw:  1451 | Env: 3165 | Luc:[====                ]  23% | THA LONG
Raw:  -676 | Env: 1656 | Luc:[=                   ]   8% | THA LONG
Raw: -3504 | Env: 2385 | Luc:[===                 ]  15% | THA LONG
Raw:  1116 | Env: 3145 | Luc:[====                ]  22% | THA LONG
Raw: -1729 | Env: 2356 | Luc:[===                 ]  15% | THA LONG
Raw: -9114 | Env: 3605 | Luc:[=====               ]  27% | GONG VUA
Raw:  1309 | Env: 3030 | Luc:[====                ]  21% | THA LONG
Raw: -2330 | Env: 3045 | Luc:[====                ]  22% | THA LONG
Raw: -9789 | Env: 5749 | Luc:[=========           ]  48% | GONG VUA
Raw:  3239 | Env: 3570 | Luc:[=====               ]  27% | GONG VUA
Raw: -7943 | Env: 5806 | Luc:[=========           ]  49% | GONG VUA
Raw:  3934 | Env: 4030 | Luc:[======              ]  31% | GONG VUA
Raw: -1221 | Env: 2103 | Luc:[==                  ]  12% | THA LONG
Raw: -1867 | Env: 1886 | Luc:[==                  ]  10% | THA LONG
Raw: -1757 | Env: 1832 | Luc:[==                  ]  10% | THA LONG
Raw: -1222 | Env: 1273 | Luc:[                    ]   4% | THA LONG
Raw: -1241 | Env: 1321 | Luc:[=                   ]   5% | THA LONG
Raw: -5636 | Env: 1326 | Luc:[=                   ]   5% | THA LONG
Raw: -1528 | Env:  680 | Luc:[                    ]   0% | THA LONG
Raw: -2717 | Env:  846 | Luc:[                    ]   0% | THA LONG
Raw: -1207 | Env:  868 | Luc:[                    ]   0% | THA LONG
Raw: -2044 | Env:  656 | Luc:[                    ]   0% | THA LONG
Raw: -1594 | Env:  615 | Luc:[                    ]   0% | THA LONG
Raw: -1886 | Env: 1688 | Luc:[=                   ]   8% | THA LONG
Raw: -3851 | Env: 2063 | Luc:[==                  ]  12% | THA LONG
Raw: -1137 | Env: 1431 | Luc:[=                   ]   6% | THA LONG
Raw: -1843 | Env: 1807 | Luc:[=                   ]   9% | THA LONG
Raw: -1983 | Env: 1803 | Luc:[=                   ]   9% | THA LONG
Raw:  -323 | Env: 2340 | Luc:[===                 ]  15% | THA LONG
Raw: -2708 | Env: 1326 | Luc:[=                   ]   5% | THA LONG
Raw: -4521 | Env: 1600 | Luc:[=                   ]   7% | THA LONG
Raw: -1894 | Env: 1622 | Luc:[=                   ]   8% | THA LONG
Raw: -2976 | Env:  968 | Luc:[                    ]   1% | THA LONG
Raw: -1734 | Env: 1371 | Luc:[=                   ]   5% | THA LONG
Raw: -4381 | Env: 1356 | Luc:[=                   ]   5% | THA LONG
Raw: -2412 | Env:  930 | Luc:[                    ]   1% | THA LONG
Raw: -7301 | Env: 1733 | Luc:[=                   ]   9% | THA LONG
Raw: -4179 | Env: 1255 | Luc:[                    ]   4% | THA LONG
Raw: -2467 | Env: 1210 | Luc:[                    ]   4% | THA LONG
Raw: -2219 | Env: 1040 | Luc:[                    ]   2% | THA LONG
Raw: -3558 | Env: 1180 | Luc:[                    ]   3% | THA LONG
Raw: -2081 | Env: 1221 | Luc:[                    ]   4% | THA LONG
Raw: -4029 | Env: 1031 | Luc:[                    ]   2% | THA LONG
Raw: -6029 | Env:  903 | Luc:[                    ]   1% | THA LONG
Raw: -2396 | Env:  967 | Luc:[                    ]   1% | THA LONG
Raw: -3286 | Env:  563 | Luc:[                    ]   0% | THA LONG
Raw: -3347 | Env: 1014 | Luc:[                    ]   2% | THA LONG
Raw: -2540 | Env:  746 | Luc:[                    ]   0% | THA LONG
Raw: -3666 | Env:  893 | Luc:[                    ]   0% | THA LONG
Raw: -6388 | Env: 1556 | Luc:[=                   ]   7% | THA LONG
Raw: -3696 | Env:  930 | Luc:[                    ]   1% | THA LONG
Raw: -2744 | Env:  696 | Luc:[                    ]   0% | THA LONG
Raw: -2715 | Env:  754 | Luc:[                    ]   0% | THA LONG
Raw: -4124 | Env: 1061 | Luc:[                    ]   2% | THA LONG
Raw: -2024 | Env:  640 | Luc:[                    ]   0% | THA LONG
Raw: -3752 | Env: 1021 | Luc:[                    ]   2% | THA LONG
Raw: -2667 | Env:  813 | Luc:[                    ]   0% | THA LONG
Raw: -3072 | Env:  702 | Luc:[                    ]   0% | THA LONG
Raw: -1928 | Env:  707 | Luc:[                    ]   0% | THA LONG
Raw: -4061 | Env: 1218 | Luc:[                    ]   4% | THA LONG
Raw: -1909 | Env:  712 | Luc:[                    ]   0% | THA LONG
Raw: -3356 | Env:  616 | Luc:[                    ]   0% | THA LONG
Raw: -4676 | Env:  807 | Luc:[                    ]   0% | THA LONG
Raw: -1534 | Env:  604 | Luc:[                    ]   0% | THA LONG
Raw: -3174 | Env:  748 | Luc:[                    ]   0% | THA LONG
Raw: -2969 | Env:  374 | Luc:[                    ]   0% | THA LONG
Raw: -3789 | Env:  758 | Luc:[                    ]   0% | THA LONG
Raw: -2715 | Env:  634 | Luc:[                    ]   0% | THA LONG
Raw: -2874 | Env:  570 | Luc:[                    ]   0% | THA LONG
Raw: -1902 | Env:  487 | Luc:[                    ]   0% | THA LONG
Raw: -2127 | Env:  569 | Luc:[                    ]   0% | THA LONG
Raw: -2682 | Env:  664 | Luc:[                    ]   0% | THA LONG
Raw: -2972 | Env:  982 | Luc:[                    ]   1% | THA LONG
Raw: -2452 | Env:  642 | Luc:[                    ]   0% | THA LONG
Raw: -2047 | Env:  770 | Luc:[                    ]   0% | THA LONG
Raw: -2970 | Env: 1924 | Luc:[==                  ]  11% | THA LONG
Raw:  1480 | Env: 1062 | Luc:[                    ]   2% | THA LONG
Raw: -2946 | Env: 1265 | Luc:[                    ]   4% | THA LONG
Raw: -1169 | Env: 1236 | Luc:[                    ]   4% | THA LONG
Raw: -5172 | Env: 2123 | Luc:[==                  ]  12% | THA LONG
Raw:  -733 | Env: 1254 | Luc:[                    ]   4% | THA LONG
Raw: -1404 | Env: 1971 | Luc:[==                  ]  11% | THA LONG
Raw: -2357 | Env: 1213 | Luc:[                    ]   4% | THA LONG
Raw: -1313 | Env: 1435 | Luc:[=                   ]   6% | THA LONG
Raw: -4125 | Env: 1156 | Luc:[                    ]   3% | THA LONG
Raw:   178 | Env: 1315 | Luc:[=                   ]   5% | THA LONG
Raw:   421 | Env: 1851 | Luc:[==                  ]  10% | THA LONG
Raw: -2022 | Env: 2110 | Luc:[==                  ]  12% | THA LONG
Raw:  -772 | Env: 2046 | Luc:[==                  ]  12% | THA LONG
Raw: -1681 | Env: 2471 | Luc:[===                 ]  16% | THA LONG
Raw: -6046 | Env: 2655 | Luc:[===                 ]  18% | THA LONG
Raw: -5384 | Env: 4325 | Luc:[======              ]  34% | GONG VUA
Raw: -8149 | Env: 4699 | Luc:[=======             ]  38% | GONG VUA
Raw:   259 | Env: 2553 | Luc:[===                 ]  17% | THA LONG
Raw:    68 | Env: 3736 | Luc:[=====               ]  28% | GONG VUA
Raw:  -162 | Env: 2664 | Luc:[===                 ]  18% | THA LONG
Raw: -3687 | Env: 2512 | Luc:[===                 ]  16% | THA LONG
Raw:  2178 | Env: 3601 | Luc:[=====               ]  27% | GONG VUA
Raw:   453 | Env: 4712 | Luc:[=======             ]  38% | GONG VUA
Raw:  1583 | Env: 5609 | Luc:[=========           ]  47% | GONG VUA
Raw:  1608 | Env: 2517 | Luc:[===                 ]  16% | THA LONG
Raw:  -166 | Env: 1056 | Luc:[                    ]   2% | THA LONG
Raw: -3210 | Env: 1259 | Luc:[                    ]   4% | THA LONG
Raw: -2585 | Env:  904 | Luc:[                    ]   1% | THA LONG
Raw: -2009 | Env:  600 | Luc:[                    ]   0% | THA LONG
Raw: -1028 | Env: 1017 | Luc:[                    ]   2% | THA LONG
Raw: -3183 | Env: 1263 | Luc:[                    ]   4% | THA LONG
Raw: -3109 | Env:  629 | Luc:[                    ]   0% | THA LONG
Raw: -1031 | Env:  794 | Luc:[                    ]   0% | THA LONG
Raw:  -210 | Env: 1098 | Luc:[                    ]   2% | THA LONG
Raw: -1473 | Env:  791 | Luc:[                    ]   0% | THA LONG
Raw: -1873 | Env:  621 | Luc:[                    ]   0% | THA LONG
Raw: -1063 | Env:  701 | Luc:[                    ]   0% | THA LONG
Raw:  -297 | Env:  671 | Luc:[                    ]   0% | THA LONG
Raw: -2442 | Env:  744 | Luc:[                    ]   0% | THA LONG
Raw: -2358 | Env:  471 | Luc:[                    ]   0% | THA LONG
Raw: -1549 | Env:  888 | Luc:[                    ]   0% | THA LONG
Raw: -2386 | Env:  505 | Luc:[                    ]   0% | THA LONG
Raw: -1574 | Env:  764 | Luc:[                    ]   0% | THA LONG
Raw:  -604 | Env:  983 | Luc:[                    ]   1% | THA LONG
Raw: -1674 | Env:  513 | Luc:[                    ]   0% | THA LONG
Raw:  -567 | Env:  801 | Luc:[                    ]   0% | THA LONG
Raw: -1315 | Env:  848 | Luc:[                    ]   0% | THA LONG
Raw: -1636 | Env:  800 | Luc:[                    ]   0% | THA LONG
Raw:   271 | Env:  991 | Luc:[                    ]   1% | THA LONG
Raw: -1674 | Env:  749 | Luc:[                    ]   0% | THA LONG
Raw: -1424 | Env:  756 | Luc:[                    ]   0% | THA LONG
Raw:  -615 | Env:  790 | Luc:[                    ]   0% | THA LONG
Raw: -1329 | Env:  674 | Luc:[                    ]   0% | THA LONG
Raw: -1266 | Env:  838 | Luc:[                    ]   0% | THA LONG
Raw:  -828 | Env:  874 | Luc:[                    ]   0% | THA LONG
Raw: -1633 | Env:  628 | Luc:[                    ]   0% | THA LONG
Raw: -1307 | Env:  749 | Luc:[                    ]   0% | THA LONG
Raw: -2079 | Env: 1923 | Luc:[==                  ]  11% | THA LONG
Raw: -5831 | Env: 2425 | Luc:[===                 ]  15% | THA LONG
Raw: -3075 | Env: 1741 | Luc:[=                   ]   9% | THA LONG
Raw:   465 | Env: 2734 | Luc:[===                 ]  18% | THA LONG
Raw:  -246 | Env: 1774 | Luc:[=                   ]   9% | THA LONG
Raw: -2184 | Env: 1721 | Luc:[=                   ]   9% | THA LONG
Raw: -7006 | Env: 3250 | Luc:[====                ]  24% | THA LONG
Raw:  1111 | Env: 2493 | Luc:[===                 ]  16% | THA LONG
Raw: -5272 | Env: 2690 | Luc:[===                 ]  18% | THA LONG
Raw:   191 | Env: 2878 | Luc:[====                ]  20% | THA LONG
Raw:  -163 | Env: 1523 | Luc:[=                   ]   7% | THA LONG
Raw: -2678 | Env: 1567 | Luc:[=                   ]   7% | THA LONG
Raw:  4031 | Env: 2644 | Luc:[===                 ]  18% | THA LONG
Raw:  2429 | Env: 2400 | Luc:[===                 ]  15% | THA LONG
Raw: -3335 | Env: 1983 | Luc:[==                  ]  11% | THA LONG
Raw:  -792 | Env: 3573 | Luc:[=====               ]  27% | GONG VUA
Raw: -3487 | Env: 2803 | Luc:[===                 ]  19% | THA LONG
Raw:  1811 | Env: 3920 | Luc:[======              ]  30% | GONG VUA
Raw: -4712 | Env: 3835 | Luc:[=====               ]  29% | GONG VUA
Raw:  1203 | Env: 2914 | Luc:[====                ]  20% | THA LONG
Raw: -9225 | Env: 3865 | Luc:[======              ]  30% | GONG VUA
Raw: -4849 | Env: 4497 | Luc:[=======             ]  36% | GONG VUA
Raw:  3623 | Env: 4054 | Luc:[======              ]  31% | GONG VUA
Raw: -2070 | Env: 2961 | Luc:[====                ]  21% | THA LONG
Raw: -8123 | Env: 3808 | Luc:[=====               ]  29% | GONG VUA
Raw: -7429 | Env: 7863 | Luc:[=============       ]  69% | GONG MANH!
Raw:   160 | Env: 2656 | Luc:[===                 ]  18% | THA LONG
Raw:  1849 | Env: 4276 | Luc:[======              ]  34% | GONG VUA
Raw:  6739 | Env: 4298 | Luc:[======              ]  34% | GONG VUA
Raw: -2834 | Env: 2197 | Luc:[==                  ]  13% | THA LONG
Raw: -1141 | Env: 2933 | Luc:[====                ]  20% | THA LONG
Raw: -1514 | Env: 1745 | Luc:[=                   ]   9% | THA LONG
Raw: -2732 | Env: 1227 | Luc:[                    ]   4% | THA LONG
Raw:  -202 | Env: 1172 | Luc:[                    ]   3% | THA LONG
Raw: -1416 | Env: 1399 | Luc:[=                   ]   5% | THA LONG
Raw: -2251 | Env:  955 | Luc:[                    ]   1% | THA LONG
Raw: -2212 | Env:  804 | Luc:[                    ]   0% | THA LONG
Raw: -2994 | Env:  712 | Luc:[                    ]   0% | THA LONG
Raw: -2157 | Env:  706 | Luc:[                    ]   0% | THA LONG
Raw: -1171 | Env:  421 | Luc:[                    ]   0% | THA LONG
Raw: -3026 | Env:  677 | Luc:[                    ]   0% | THA LONG
Raw: -2575 | Env:  654 | Luc:[                    ]   0% | THA LONG
Raw: -3474 | Env: 1267 | Luc:[                    ]   4% | THA LONG
Raw: -3375 | Env:  879 | Luc:[                    ]   0% | THA LONG
Raw:  -752 | Env: 1117 | Luc:[                    ]   3% | THA LONG
Raw: -1907 | Env: 1536 | Luc:[=                   ]   7% | THA LONG
Raw: -2884 | Env: 2112 | Luc:[==                  ]  12% | THA LONG
Raw: -3124 | Env: 1721 | Luc:[=                   ]   9% | THA LONG
Raw: -4657 | Env: 1053 | Luc:[                    ]   2% | THA LONG
Raw: -4007 | Env: 2051 | Luc:[==                  ]  12% | THA LONG
Raw: -3016 | Env:  978 | Luc:[                    ]   1% | THA LONG
Raw: -2931 | Env:  521 | Luc:[                    ]   0% | THA LONG
Raw: -2972 | Env:  697 | Luc:[                    ]   0% | THA LONG
Raw: -3429 | Env:  650 | Luc:[                    ]   0% | THA LONG
Raw: -3277 | Env:  657 | Luc:[                    ]   0% | THA LONG
Raw: -8194 | Env: 2823 | Luc:[===                 ]  19% | THA LONG
Raw: -5611 | Env: 2478 | Luc:[===                 ]  16% | THA LONG
Raw: -3803 | Env:  641 | Luc:[                    ]   0% | THA LONG
Raw: -3199 | Env:  880 | Luc:[                    ]   0% | THA LONG
Raw: -3379 | Env:  638 | Luc:[                    ]   0% | THA LONG
Raw: -2821 | Env:  667 | Luc:[                    ]   0% | THA LONG
Raw: -2729 | Env:  548 | Luc:[                    ]   0% | THA LONG
Raw: -2841 | Env:  545 | Luc:[                    ]   0% | THA LONG
Raw: -2574 | Env:  478 | Luc:[                    ]   0% | THA LONG
Raw: -2672 | Env:  530 | Luc:[                    ]   0% | THA LONG
Raw: -3120 | Env:  550 | Luc:[                    ]   0% | THA LONG
Raw: -2919 | Env:  467 | Luc:[                    ]   0% | THA LONG
Raw: -2605 | Env:  406 | Luc:[                    ]   0% | THA LONG
Raw: -2882 | Env:  473 | Luc:[                    ]   0% | THA LONG
Raw: -3026 | Env:  507 | Luc:[                    ]   0% | THA LONG
Raw: -2801 | Env:  516 | Luc:[                    ]   0% | THA LONG
Raw: -2924 | Env:  451 | Luc:[                    ]   0% | THA LONG
Raw: -2818 | Env:  449 | Luc:[                    ]   0% | THA LONG
Raw: -2644 | Env:  375 | Luc:[                    ]   0% | THA LONG
Raw: -3644 | Env:  777 | Luc:[                    ]   0% | THA LONG
Raw: -2001 | Env:  458 | Luc:[                    ]   0% | THA LONG
Raw:  -222 | Env: 1800 | Luc:[=                   ]   9% | THA LONG
Raw:   -54 | Env: 2264 | Luc:[==                  ]  14% | THA LONG
Raw: -1999 | Env: 2269 | Luc:[==                  ]  14% | THA LONG
Raw: -1787 | Env:  978 | Luc:[                    ]   1% | THA LONG
Raw: -5889 | Env: 3175 | Luc:[====                ]  23% | THA LONG
Raw: -3250 | Env: 1409 | Luc:[=                   ]   5% | THA LONG
Raw: -3661 | Env: 1115 | Luc:[                    ]   3% | THA LONG
Raw: -3231 | Env:  642 | Luc:[                    ]   0% | THA LONG
Raw: -3109 | Env:  490 | Luc:[                    ]   0% | THA LONG
Raw: -3023 | Env:  490 | Luc:[                    ]   0% | THA LONG
Raw: -2831 | Env:  412 | Luc:[                    ]   0% | THA LONG
Raw: -2952 | Env:  534 | Luc:[                    ]   0% | THA LONG
Raw: -2616 | Env:  369 | Luc:[                    ]   0% | THA LONG
Raw: -3119 | Env:  486 | Luc:[                    ]   0% | THA LONG
Raw: -3012 | Env:  588 | Luc:[                    ]   0% | THA LONG
Raw: -2352 | Env:  395 | Luc:[                    ]   0% | THA LONG
Raw: -2402 | Env:  442 | Luc:[                    ]   0% | THA LONG
Raw: -2085 | Env:  399 | Luc:[                    ]   0% | THA LONG
Raw: -1897 | Env:  441 | Luc:[                    ]   0% | THA LONG
Raw: -2138 | Env:  450 | Luc:[                    ]   0% | THA LONG
Raw: -1884 | Env:  352 | Luc:[                    ]   0% | THA LONG
Raw: -2102 | Env:  381 | Luc:[                    ]   0% | THA LONG
Raw: -2311 | Env:  350 | Luc:[                    ]   0% | THA LONG
Raw: -2329 | Env:  469 | Luc:[                    ]   0% | THA LONG
Raw: -2069 | Env:  479 | Luc:[                    ]   0% | THA LONG
Raw: -2458 | Env:  392 | Luc:[                    ]   0% | THA LONG
Raw: -1541 | Env:  450 | Luc:[                    ]   0% | THA LONG
Raw: -2287 | Env:  517 | Luc:[                    ]   0% | THA LONG
Raw: -2367 | Env:  415 | Luc:[                    ]   0% | THA LONG
Raw: -2001 | Env:  587 | Luc:[                    ]   0% | THA LONG
Raw: -1928 | Env:  599 | Luc:[                    ]   0% | THA LONG
Raw: -1639 | Env:  679 | Luc:[                    ]   0% | THA LONG
Raw: -1711 | Env:  674 | Luc:[                    ]   0% | THA LONG
Raw: -1852 | Env:  720 | Luc:[                    ]   0% | THA LONG
Raw:  -807 | Env: 1017 | Luc:[                    ]   2% | THA LONG
Raw: -1829 | Env:  751 | Luc:[                    ]   0% | THA LONG
Raw: -2137 | Env:  530 | Luc:[                    ]   0% | THA LONG
Raw: -2459 | Env:  698 | Luc:[                    ]   0% | THA LONG
Raw: -2226 | Env:  519 | Luc:[                    ]   0% | THA LONG
Raw: -1794 | Env:  608 | Luc:[                    ]   0% | THA LONG
Raw: -1773 | Env:  473 | Luc:[                    ]   0% | THA LONG
Raw: -4506 | Env: 1782 | Luc:[=                   ]   9% | THA LONG
Raw: -2544 | Env:  944 | Luc:[                    ]   1% | THA LONG
Raw: -1152 | Env:  789 | Luc:[                    ]   0% | THA LONG
Raw: -1001 | Env: 1094 | Luc:[                    ]   2% | THA LONG
Raw: -4468 | Env: 1407 | Luc:[=                   ]   5% | THA LONG
Raw: -1588 | Env:  709 | Luc:[                    ]   0% | THA LONG
Raw: -1537 | Env:  586 | Luc:[                    ]   0% | THA LONG
Raw: -1920 | Env:  434 | Luc:[                    ]   0% | THA LONG
Raw: -1423 | Env:  458 | Luc:[                    ]   0% | THA LONG
Raw: -1953 | Env:  436 | Luc:[                    ]   0% | THA LONG
Raw: -1487 | Env:  572 | Luc:[                    ]   0% | THA LONG
Raw:   -54 | Env: 1119 | Luc:[                    ]   3% | THA LONG
Raw:  2463 | Env: 3906 | Luc:[======              ]  30% | GONG VUA
Raw: -1360 | Env: 1271 | Luc:[                    ]   4% | THA LONG
Raw:   175 | Env:  889 | Luc:[                    ]   0% | THA LONG
Raw: -1331 | Env:  749 | Luc:[                    ]   0% | THA LONG
Raw: -2582 | Env: 1889 | Luc:[==                  ]  10% | THA LONG
Raw:  -880 | Env:  668 | Luc:[                    ]   0% | THA LONG
Raw: -1921 | Env:  711 | Luc:[                    ]   0% | THA LONG
Raw: -2714 | Env:  456 | Luc:[                    ]   0% | THA LONG
Raw: -1194 | Env:  631 | Luc:[                    ]   0% | THA LONG
Raw: -1161 | Env:  706 | Luc:[                    ]   0% | THA LONG
Raw: -1022 | Env:  654 | Luc:[                    ]   0% | THA LONG
Raw: -1401 | Env:  655 | Luc:[                    ]   0% | THA LONG
Raw:  -935 | Env:  615 | Luc:[                    ]   0% | THA LONG
Raw:  1035 | Env: 1481 | Luc:[=                   ]   6% | THA LONG
Raw: -3106 | Env:  876 | Luc:[                    ]   0% | THA LONG
Raw: -2273 | Env: 1426 | Luc:[=                   ]   6% | THA LONG
Raw: -1174 | Env:  709 | Luc:[                    ]   0% | THA LONG
Raw: -1096 | Env:  603 | Luc:[                    ]   0% | THA LONG
Raw: -1384 | Env:  627 | Luc:[                    ]   0% | THA LONG
Raw: -1699 | Env:  511 | Luc:[                    ]   0% | THA LONG
Raw: -1451 | Env:  602 | Luc:[                    ]   0% | THA LONG
Raw: -1997 | Env:  428 | Luc:[                    ]   0% | THA LONG
Raw: -2007 | Env:  463 | Luc:[                    ]   0% | THA LONG
Raw: -1376 | Env:  532 | Luc:[                    ]   0% | THA LONG
Raw: -1604 | Env:  505 | Luc:[                    ]   0% | THA LONG
Raw: -1427 | Env:  580 | Luc:[                    ]   0% | THA LONG
Raw: -1760 | Env:  423 | Luc:[                    ]   0% | THA LONG
Raw: -1002 | Env:  695 | Luc:[                    ]   0% | THA LONG
Raw:  -998 | Env:  711 | Luc:[                    ]   0% | THA LONG
Raw: -1305 | Env:  502 | Luc:[                    ]   0% | THA LONG
Raw: -1178 | Env:  457 | Luc:[                    ]   0% | THA LONG
Raw: -1638 | Env:  501 | Luc:[                    ]   0% | THA LONG
Raw:  -919 | Env: 1003 | Luc:[                    ]   1% | THA LONG
Raw: -1101 | Env:  604 | Luc:[                    ]   0% | THA LONG
Raw: -1169 | Env:  731 | Luc:[                    ]   0% | THA LONG
Raw: -1634 | Env:  724 | Luc:[                    ]   0% | THA LONG
Raw: -1679 | Env:  416 | Luc:[                    ]   0% | THA LONG
Raw: -1806 | Env:  519 | Luc:[                    ]   0% | THA LONG
Raw:  -227 | Env: 1191 | Luc:[                    ]   3% | THA LONG
Raw: -4246 | Env: 1386 | Luc:[=                   ]   5% | THA LONG
Raw: -2554 | Env:  865 | Luc:[                    ]   0% | THA LONG
Raw: -2307 | Env:  433 | Luc:[                    ]   0% | THA LONG
Raw: -1751 | Env:  684 | Luc:[                    ]   0% | THA LONG
Raw: -1997 | Env:  552 | Luc:[                    ]   0% | THA LONG
Raw: -2126 | Env:  576 | Luc:[                    ]   0% | THA LONG
Raw: -2391 | Env:  570 | Luc:[                    ]   0% | THA LONG
Raw: -2448 | Env:  468 | Luc:[                    ]   0% | THA LONG
Raw: -2122 | Env:  504 | Luc:[                    ]   0% | THA LONG
